// Jest Snapshot v1, https://goo.gl/fbAQLP

exports[`EditArticleForm should render empty form 1`] = `
"<form>
  <fieldset>
    <fieldset class=\\"form-group\\"><input type=\\"text\\" class=\\"form-control form-control-lg\\" placeholder=\\"Article Title\\" data-test=\\"title\\"></fieldset>
    <fieldset class=\\"form-group\\"><input type=\\"text\\" class=\\"form-control\\" placeholder=\\"What's this article about?\\" data-test=\\"description\\"></fieldset>
    <fieldset class=\\"form-group\\"><textarea class=\\"form-control\\" rows=\\"8\\" placeholder=\\"Write your article (in markdown)\\" data-test=\\"body\\"></textarea></fieldset>
    <fieldset class=\\"form-group\\"><input type=\\"text\\" class=\\"form-control\\" placeholder=\\"Enter tags\\" data-test=\\"newTag\\">
      <div class=\\"tag-list\\" data-test=\\"tag-list\\"></div>
    </fieldset><button class=\\"btn btn-lg pull-xs-right btn-primary\\" type=\\"submit\\"> Publish Article </button>
  </fieldset>
</form>"
`;
